
> nextjs_tailwind_shadcn_ts@0.2.0 build
> next build

  ▲ Next.js 14.2.20
  - Environments: .env.production, .env

   Creating an optimized production build ...

> Build error occurred
Error: Cannot find module 'next/dist/compiled/assert'
Require stack:
- /home/serge/Téléchargements/state-agente/node_modules/next/dist/build/webpack-config.js
- /home/serge/Téléchargements/state-agente/node_modules/next/dist/build/webpack-build/impl.js
- /home/serge/Téléchargements/state-agente/node_modules/next/dist/compiled/jest-worker/processChild.js
    at Function.<anonymous> (node:internal/modules/cjs/loader:1401:15)
    at /home/serge/Téléchargements/state-agente/node_modules/next/dist/server/require-hook.js:55:36
    at Function.resolve (node:internal/modules/helpers:145:19)
    at getBaseWebpackConfig (/home/serge/Téléchargements/state-agente/node_modules/next/dist/build/webpack-config.js:1318:49)
    at async Promise.all (index 0)
    at async Span.traceAsyncFn (/home/serge/Téléchargements/state-agente/node_modules/next/dist/trace/trace.js:154:20)
    at async webpackBuildImpl (/home/serge/Téléchargements/state-agente/node_modules/next/dist/build/webpack-build/impl.js:136:21)
    at async Object.workerMain (/home/serge/Téléchargements/state-agente/node_modules/next/dist/build/webpack-build/impl.js:330:20) {
  type: 'Error',
  code: 'MODULE_NOT_FOUND',
  requireStack: [
    '/home/serge/Téléchargements/state-agente/node_modules/next/dist/build/webpack-config.js',
    '/home/serge/Téléchargements/state-agente/node_modules/next/dist/build/webpack-build/impl.js',
    '/home/serge/Téléchargements/state-agente/node_modules/next/dist/compiled/jest-worker/processChild.js'
  ]
}
